This is pdfTeX, Version 3.141592653-2.6-1.40.27 (MiKTeX 25.3 Portable) (preloaded format=pdflatex 2025.3.31)  22 APR 2025 17:30
entering extended mode
 \write18 enabled.
 %&-line parsing enabled.
**\def\tikzexternalrealjob{RBA}\input{RBA}
(RBA.tex
(C:\Users\prioural000\AppData\Local\miktex-portable\texmfs\install\tex/latex/ba
se\article.cls
Document Class: article 2024/06/29 v1.4n Standard LaTeX document class

(C:\Users\prioural000\AppData\Local\miktex-portable\texmfs\install\tex/latex/ba
se\size12.clo
File: size12.clo 2024/06/29 v1.4n Standard LaTeX file (size option)
)
\c@part=\count196
\c@section=\count197
\c@subsection=\count198
\c@subsubsection=\count199
\c@paragraph=\count266
\c@subparagraph=\count267
\c@figure=\count268
\c@table=\count269
\abovecaptionskip=\skip49
\belowcaptionskip=\skip50
\bibindent=\dimen141
)
(C:\Users\prioural000\AppData\Local\miktex-portable\texmfs\install\tex/latex/pg
f/frontendlayer\tikz.sty
(C:\Users\prioural000\AppData\Local\miktex-portable\texmfs\install\tex/latex/pg
f/basiclayer\pgf.sty
(C:\Users\prioural000\AppData\Local\miktex-portable\texmfs\install\tex/latex/pg
f/utilities\pgfrcs.sty
(C:\Users\prioural000\AppData\Local\miktex-portable\texmfs\install\tex/generic/
pgf/utilities\pgfutil-common.tex
\pgfutil@everybye=\toks17
\pgfutil@tempdima=\dimen142
\pgfutil@tempdimb=\dimen143
)
(C:\Users\prioural000\AppData\Local\miktex-portable\texmfs\install\tex/generic/
pgf/utilities\pgfutil-latex.def
\pgfutil@abb=\box52
)
(C:\Users\prioural000\AppData\Local\miktex-portable\texmfs\install\tex/generic/
pgf/utilities\pgfrcs.code.tex
(C:\Users\prioural000\AppData\Local\miktex-portable\texmfs\install\tex/generic/
pgf\pgf.revision.tex)
Package: pgfrcs 2023-01-15 v3.1.10 (3.1.10)
))
Package: pgf 2023-01-15 v3.1.10 (3.1.10)

(C:\Users\prioural000\AppData\Local\miktex-portable\texmfs\install\tex/latex/pg
f/basiclayer\pgfcore.sty
(C:\Users\prioural000\AppData\Local\miktex-portable\texmfs\install\tex/latex/gr
aphics\graphicx.sty
Package: graphicx 2021/09/16 v1.2d Enhanced LaTeX Graphics (DPC,SPQR)

(C:\Users\prioural000\AppData\Local\miktex-portable\texmfs\install\tex/latex/gr
aphics\keyval.sty
Package: keyval 2022/05/29 v1.15 key=value parser (DPC)
\KV@toks@=\toks18
)
(C:\Users\prioural000\AppData\Local\miktex-portable\texmfs\install\tex/latex/gr
aphics\graphics.sty
Package: graphics 2024/08/06 v1.4g Standard LaTeX Graphics (DPC,SPQR)

(C:\Users\prioural000\AppData\Local\miktex-portable\texmfs\install\tex/latex/gr
aphics\trig.sty
Package: trig 2023/12/02 v1.11 sin cos tan (DPC)
)
(C:\Users\prioural000\AppData\Local\miktex-portable\texmfs\install\tex/latex/gr
aphics-cfg\graphics.cfg
File: graphics.cfg 2016/06/04 v1.11 sample graphics configuration
)
Package graphics Info: Driver file: pdftex.def on input line 106.

(C:\Users\prioural000\AppData\Local\miktex-portable\texmfs\install\tex/latex/gr
aphics-def\pdftex.def
File: pdftex.def 2024/04/13 v1.2c Graphics/color driver for pdftex
))
\Gin@req@height=\dimen144
\Gin@req@width=\dimen145
)
(C:\Users\prioural000\AppData\Local\miktex-portable\texmfs\install\tex/latex/pg
f/systemlayer\pgfsys.sty
(C:\Users\prioural000\AppData\Local\miktex-portable\texmfs\install\tex/generic/
pgf/systemlayer\pgfsys.code.tex
Package: pgfsys 2023-01-15 v3.1.10 (3.1.10)

(C:\Users\prioural000\AppData\Local\miktex-portable\texmfs\install\tex/generic/
pgf/utilities\pgfkeys.code.tex
\pgfkeys@pathtoks=\toks19
\pgfkeys@temptoks=\toks20

(C:\Users\prioural000\AppData\Local\miktex-portable\texmfs\install\tex/generic/
pgf/utilities\pgfkeyslibraryfiltered.code.tex
\pgfkeys@tmptoks=\toks21
))
\pgf@x=\dimen146
\pgf@y=\dimen147
\pgf@xa=\dimen148
\pgf@ya=\dimen149
\pgf@xb=\dimen150
\pgf@yb=\dimen151
\pgf@xc=\dimen152
\pgf@yc=\dimen153
\pgf@xd=\dimen154
\pgf@yd=\dimen155
\w@pgf@writea=\write3
\r@pgf@reada=\read2
\c@pgf@counta=\count270
\c@pgf@countb=\count271
\c@pgf@countc=\count272
\c@pgf@countd=\count273
\t@pgf@toka=\toks22
\t@pgf@tokb=\toks23
\t@pgf@tokc=\toks24
\pgf@sys@id@count=\count274

(C:\Users\prioural000\AppData\Local\miktex-portable\texmfs\install\tex/generic/
pgf/systemlayer\pgf.cfg
File: pgf.cfg 2023-01-15 v3.1.10 (3.1.10)
)
Driver file for pgf: pgfsys-pdftex.def

(C:\Users\prioural000\AppData\Local\miktex-portable\texmfs\install\tex/generic/
pgf/systemlayer\pgfsys-pdftex.def
File: pgfsys-pdftex.def 2023-01-15 v3.1.10 (3.1.10)

(C:\Users\prioural000\AppData\Local\miktex-portable\texmfs\install\tex/generic/
pgf/systemlayer\pgfsys-common-pdf.def
File: pgfsys-common-pdf.def 2023-01-15 v3.1.10 (3.1.10)
)))
(C:\Users\prioural000\AppData\Local\miktex-portable\texmfs\install\tex/generic/
pgf/systemlayer\pgfsyssoftpath.code.tex
File: pgfsyssoftpath.code.tex 2023-01-15 v3.1.10 (3.1.10)
\pgfsyssoftpath@smallbuffer@items=\count275
\pgfsyssoftpath@bigbuffer@items=\count276
)
(C:\Users\prioural000\AppData\Local\miktex-portable\texmfs\install\tex/generic/
pgf/systemlayer\pgfsysprotocol.code.tex
File: pgfsysprotocol.code.tex 2023-01-15 v3.1.10 (3.1.10)
))
(C:\Users\prioural000\AppData\Local\miktex-portable\texmfs\install\tex/latex/xc
olor\xcolor.sty
Package: xcolor 2024/09/29 v3.02 LaTeX color extensions (UK)

(C:\Users\prioural000\AppData\Local\miktex-portable\texmfs\install\tex/latex/gr
aphics-cfg\color.cfg
File: color.cfg 2016/01/02 v1.6 sample color configuration
)
Package xcolor Info: Driver file: pdftex.def on input line 274.

(C:\Users\prioural000\AppData\Local\miktex-portable\texmfs\install\tex/latex/gr
aphics\mathcolor.ltx)
Package xcolor Info: Model `cmy' substituted by `cmy0' on input line 1349.
Package xcolor Info: Model `hsb' substituted by `rgb' on input line 1353.
Package xcolor Info: Model `RGB' extended on input line 1365.
Package xcolor Info: Model `HTML' substituted by `rgb' on input line 1367.
Package xcolor Info: Model `Hsb' substituted by `hsb' on input line 1368.
Package xcolor Info: Model `tHsb' substituted by `hsb' on input line 1369.
Package xcolor Info: Model `HSB' substituted by `hsb' on input line 1370.
Package xcolor Info: Model `Gray' substituted by `gray' on input line 1371.
Package xcolor Info: Model `wave' substituted by `hsb' on input line 1372.
)
(C:\Users\prioural000\AppData\Local\miktex-portable\texmfs\install\tex/generic/
pgf/basiclayer\pgfcore.code.tex
Package: pgfcore 2023-01-15 v3.1.10 (3.1.10)

(C:\Users\prioural000\AppData\Local\miktex-portable\texmfs\install\tex/generic/
pgf/math\pgfmath.code.tex
(C:\Users\prioural000\AppData\Local\miktex-portable\texmfs\install\tex/generic/
pgf/math\pgfmathutil.code.tex)
(C:\Users\prioural000\AppData\Local\miktex-portable\texmfs\install\tex/generic/
pgf/math\pgfmathparser.code.tex
\pgfmath@dimen=\dimen156
\pgfmath@count=\count277
\pgfmath@box=\box53
\pgfmath@toks=\toks25
\pgfmath@stack@operand=\toks26
\pgfmath@stack@operation=\toks27
)
(C:\Users\prioural000\AppData\Local\miktex-portable\texmfs\install\tex/generic/
pgf/math\pgfmathfunctions.code.tex)
(C:\Users\prioural000\AppData\Local\miktex-portable\texmfs\install\tex/generic/
pgf/math\pgfmathfunctions.basic.code.tex)
(C:\Users\prioural000\AppData\Local\miktex-portable\texmfs\install\tex/generic/
pgf/math\pgfmathfunctions.trigonometric.code.tex)
(C:\Users\prioural000\AppData\Local\miktex-portable\texmfs\install\tex/generic/
pgf/math\pgfmathfunctions.random.code.tex)
(C:\Users\prioural000\AppData\Local\miktex-portable\texmfs\install\tex/generic/
pgf/math\pgfmathfunctions.comparison.code.tex)
(C:\Users\prioural000\AppData\Local\miktex-portable\texmfs\install\tex/generic/
pgf/math\pgfmathfunctions.base.code.tex)
(C:\Users\prioural000\AppData\Local\miktex-portable\texmfs\install\tex/generic/
pgf/math\pgfmathfunctions.round.code.tex)
(C:\Users\prioural000\AppData\Local\miktex-portable\texmfs\install\tex/generic/
pgf/math\pgfmathfunctions.misc.code.tex)
(C:\Users\prioural000\AppData\Local\miktex-portable\texmfs\install\tex/generic/
pgf/math\pgfmathfunctions.integerarithmetics.code.tex)
(C:\Users\prioural000\AppData\Local\miktex-portable\texmfs\install\tex/generic/
pgf/math\pgfmathcalc.code.tex)
(C:\Users\prioural000\AppData\Local\miktex-portable\texmfs\install\tex/generic/
pgf/math\pgfmathfloat.code.tex
\c@pgfmathroundto@lastzeros=\count278
))
(C:\Users\prioural000\AppData\Local\miktex-portable\texmfs\install\tex/generic/
pgf/math\pgfint.code.tex)
(C:\Users\prioural000\AppData\Local\miktex-portable\texmfs\install\tex/generic/
pgf/basiclayer\pgfcorepoints.code.tex
File: pgfcorepoints.code.tex 2023-01-15 v3.1.10 (3.1.10)
\pgf@picminx=\dimen157
\pgf@picmaxx=\dimen158
\pgf@picminy=\dimen159
\pgf@picmaxy=\dimen160
\pgf@pathminx=\dimen161
\pgf@pathmaxx=\dimen162
\pgf@pathminy=\dimen163
\pgf@pathmaxy=\dimen164
\pgf@xx=\dimen165
\pgf@xy=\dimen166
\pgf@yx=\dimen167
\pgf@yy=\dimen168
\pgf@zx=\dimen169
\pgf@zy=\dimen170
)
(C:\Users\prioural000\AppData\Local\miktex-portable\texmfs\install\tex/generic/
pgf/basiclayer\pgfcorepathconstruct.code.tex
File: pgfcorepathconstruct.code.tex 2023-01-15 v3.1.10 (3.1.10)
\pgf@path@lastx=\dimen171
\pgf@path@lasty=\dimen172
)
(C:\Users\prioural000\AppData\Local\miktex-portable\texmfs\install\tex/generic/
pgf/basiclayer\pgfcorepathusage.code.tex
File: pgfcorepathusage.code.tex 2023-01-15 v3.1.10 (3.1.10)
\pgf@shorten@end@additional=\dimen173
\pgf@shorten@start@additional=\dimen174
)
(C:\Users\prioural000\AppData\Local\miktex-portable\texmfs\install\tex/generic/
pgf/basiclayer\pgfcorescopes.code.tex
File: pgfcorescopes.code.tex 2023-01-15 v3.1.10 (3.1.10)
\pgfpic=\box54
\pgf@hbox=\box55
\pgf@layerbox@main=\box56
\pgf@picture@serial@count=\count279
)
(C:\Users\prioural000\AppData\Local\miktex-portable\texmfs\install\tex/generic/
pgf/basiclayer\pgfcoregraphicstate.code.tex
File: pgfcoregraphicstate.code.tex 2023-01-15 v3.1.10 (3.1.10)
\pgflinewidth=\dimen175
)
(C:\Users\prioural000\AppData\Local\miktex-portable\texmfs\install\tex/generic/
pgf/basiclayer\pgfcoretransformations.code.tex
File: pgfcoretransformations.code.tex 2023-01-15 v3.1.10 (3.1.10)
\pgf@pt@x=\dimen176
\pgf@pt@y=\dimen177
\pgf@pt@temp=\dimen178
)
(C:\Users\prioural000\AppData\Local\miktex-portable\texmfs\install\tex/generic/
pgf/basiclayer\pgfcorequick.code.tex
File: pgfcorequick.code.tex 2023-01-15 v3.1.10 (3.1.10)
)
(C:\Users\prioural000\AppData\Local\miktex-portable\texmfs\install\tex/generic/
pgf/basiclayer\pgfcoreobjects.code.tex
File: pgfcoreobjects.code.tex 2023-01-15 v3.1.10 (3.1.10)
)
(C:\Users\prioural000\AppData\Local\miktex-portable\texmfs\install\tex/generic/
pgf/basiclayer\pgfcorepathprocessing.code.tex
File: pgfcorepathprocessing.code.tex 2023-01-15 v3.1.10 (3.1.10)
)
(C:\Users\prioural000\AppData\Local\miktex-portable\texmfs\install\tex/generic/
pgf/basiclayer\pgfcorearrows.code.tex
File: pgfcorearrows.code.tex 2023-01-15 v3.1.10 (3.1.10)
\pgfarrowsep=\dimen179
)
(C:\Users\prioural000\AppData\Local\miktex-portable\texmfs\install\tex/generic/
pgf/basiclayer\pgfcoreshade.code.tex
File: pgfcoreshade.code.tex 2023-01-15 v3.1.10 (3.1.10)
\pgf@max=\dimen180
\pgf@sys@shading@range@num=\count280
\pgf@shadingcount=\count281
)
(C:\Users\prioural000\AppData\Local\miktex-portable\texmfs\install\tex/generic/
pgf/basiclayer\pgfcoreimage.code.tex
File: pgfcoreimage.code.tex 2023-01-15 v3.1.10 (3.1.10)
)
(C:\Users\prioural000\AppData\Local\miktex-portable\texmfs\install\tex/generic/
pgf/basiclayer\pgfcoreexternal.code.tex
File: pgfcoreexternal.code.tex 2023-01-15 v3.1.10 (3.1.10)
\pgfexternal@startupbox=\box57
)
(C:\Users\prioural000\AppData\Local\miktex-portable\texmfs\install\tex/generic/
pgf/basiclayer\pgfcorelayers.code.tex
File: pgfcorelayers.code.tex 2023-01-15 v3.1.10 (3.1.10)
)
(C:\Users\prioural000\AppData\Local\miktex-portable\texmfs\install\tex/generic/
pgf/basiclayer\pgfcoretransparency.code.tex
File: pgfcoretransparency.code.tex 2023-01-15 v3.1.10 (3.1.10)
)
(C:\Users\prioural000\AppData\Local\miktex-portable\texmfs\install\tex/generic/
pgf/basiclayer\pgfcorepatterns.code.tex
File: pgfcorepatterns.code.tex 2023-01-15 v3.1.10 (3.1.10)
)
(C:\Users\prioural000\AppData\Local\miktex-portable\texmfs\install\tex/generic/
pgf/basiclayer\pgfcorerdf.code.tex
File: pgfcorerdf.code.tex 2023-01-15 v3.1.10 (3.1.10)
)))
(C:\Users\prioural000\AppData\Local\miktex-portable\texmfs\install\tex/generic/
pgf/modules\pgfmoduleshapes.code.tex
File: pgfmoduleshapes.code.tex 2023-01-15 v3.1.10 (3.1.10)
\pgfnodeparttextbox=\box58
)
(C:\Users\prioural000\AppData\Local\miktex-portable\texmfs\install\tex/generic/
pgf/modules\pgfmoduleplot.code.tex
File: pgfmoduleplot.code.tex 2023-01-15 v3.1.10 (3.1.10)
)
(C:\Users\prioural000\AppData\Local\miktex-portable\texmfs\install\tex/latex/pg
f/compatibility\pgfcomp-version-0-65.sty
Package: pgfcomp-version-0-65 2023-01-15 v3.1.10 (3.1.10)
\pgf@nodesepstart=\dimen181
\pgf@nodesepend=\dimen182
)
(C:\Users\prioural000\AppData\Local\miktex-portable\texmfs\install\tex/latex/pg
f/compatibility\pgfcomp-version-1-18.sty
Package: pgfcomp-version-1-18 2023-01-15 v3.1.10 (3.1.10)
))
(C:\Users\prioural000\AppData\Local\miktex-portable\texmfs\install\tex/latex/pg
f/utilities\pgffor.sty
(C:\Users\prioural000\AppData\Local\miktex-portable\texmfs\install\tex/latex/pg
f/utilities\pgfkeys.sty
(C:\Users\prioural000\AppData\Local\miktex-portable\texmfs\install\tex/generic/
pgf/utilities\pgfkeys.code.tex))
(C:\Users\prioural000\AppData\Local\miktex-portable\texmfs\install\tex/latex/pg
f/math\pgfmath.sty
(C:\Users\prioural000\AppData\Local\miktex-portable\texmfs\install\tex/generic/
pgf/math\pgfmath.code.tex))
(C:\Users\prioural000\AppData\Local\miktex-portable\texmfs\install\tex/generic/
pgf/utilities\pgffor.code.tex
Package: pgffor 2023-01-15 v3.1.10 (3.1.10)
\pgffor@iter=\dimen183
\pgffor@skip=\dimen184
\pgffor@stack=\toks28
\pgffor@toks=\toks29
))
(C:\Users\prioural000\AppData\Local\miktex-portable\texmfs\install\tex/generic/
pgf/frontendlayer/tikz\tikz.code.tex
Package: tikz 2023-01-15 v3.1.10 (3.1.10)

(C:\Users\prioural000\AppData\Local\miktex-portable\texmfs\install\tex/generic/
pgf/libraries\pgflibraryplothandlers.code.tex
File: pgflibraryplothandlers.code.tex 2023-01-15 v3.1.10 (3.1.10)
\pgf@plot@mark@count=\count282
\pgfplotmarksize=\dimen185
)
\tikz@lastx=\dimen186
\tikz@lasty=\dimen187
\tikz@lastxsaved=\dimen188
\tikz@lastysaved=\dimen189
\tikz@lastmovetox=\dimen190
\tikz@lastmovetoy=\dimen191
\tikzleveldistance=\dimen192
\tikzsiblingdistance=\dimen193
\tikz@figbox=\box59
\tikz@figbox@bg=\box60
\tikz@tempbox=\box61
\tikz@tempbox@bg=\box62
\tikztreelevel=\count283
\tikznumberofchildren=\count284
\tikznumberofcurrentchild=\count285
\tikz@fig@count=\count286

(C:\Users\prioural000\AppData\Local\miktex-portable\texmfs\install\tex/generic/
pgf/modules\pgfmodulematrix.code.tex
File: pgfmodulematrix.code.tex 2023-01-15 v3.1.10 (3.1.10)
\pgfmatrixcurrentrow=\count287
\pgfmatrixcurrentcolumn=\count288
\pgf@matrix@numberofcolumns=\count289
)
\tikz@expandcount=\count290

(C:\Users\prioural000\AppData\Local\miktex-portable\texmfs\install\tex/generic/
pgf/frontendlayer/tikz/libraries\tikzlibrarytopaths.code.tex
File: tikzlibrarytopaths.code.tex 2023-01-15 v3.1.10 (3.1.10)
)))
(C:\Users\prioural000\AppData\Local\miktex-portable\texmfs\install\tex/latex/am
smath\amsmath.sty
Package: amsmath 2024/11/05 v2.17t AMS math features
\@mathmargin=\skip51
For additional information on amsmath, use the `?' option.

(C:\Users\prioural000\AppData\Local\miktex-portable\texmfs\install\tex/latex/am
smath\amstext.sty
Package: amstext 2021/08/26 v2.01 AMS text

(C:\Users\prioural000\AppData\Local\miktex-portable\texmfs\install\tex/latex/am
smath\amsgen.sty
File: amsgen.sty 1999/11/30 v2.0 generic functions
\@emptytoks=\toks30
\ex@=\dimen194
))
(C:\Users\prioural000\AppData\Local\miktex-portable\texmfs\install\tex/latex/am
smath\amsbsy.sty
Package: amsbsy 1999/11/29 v1.2d Bold Symbols
\pmbraise@=\dimen195
)
(C:\Users\prioural000\AppData\Local\miktex-portable\texmfs\install\tex/latex/am
smath\amsopn.sty
Package: amsopn 2022/04/08 v2.04 operator names
)
\inf@bad=\count291
LaTeX Info: Redefining \frac on input line 233.
\uproot@=\count292
\leftroot@=\count293
LaTeX Info: Redefining \overline on input line 398.
LaTeX Info: Redefining \colon on input line 409.
\classnum@=\count294
\DOTSCASE@=\count295
LaTeX Info: Redefining \ldots on input line 495.
LaTeX Info: Redefining \dots on input line 498.
LaTeX Info: Redefining \cdots on input line 619.
\Mathstrutbox@=\box63
\strutbox@=\box64
LaTeX Info: Redefining \big on input line 721.
LaTeX Info: Redefining \Big on input line 722.
LaTeX Info: Redefining \bigg on input line 723.
LaTeX Info: Redefining \Bigg on input line 724.
\big@size=\dimen196
LaTeX Font Info:    Redeclaring font encoding OML on input line 742.
LaTeX Font Info:    Redeclaring font encoding OMS on input line 743.
\macc@depth=\count296
LaTeX Info: Redefining \bmod on input line 904.
LaTeX Info: Redefining \pmod on input line 909.
LaTeX Info: Redefining \smash on input line 939.
LaTeX Info: Redefining \relbar on input line 969.
LaTeX Info: Redefining \Relbar on input line 970.
\c@MaxMatrixCols=\count297
\dotsspace@=\muskip17
\c@parentequation=\count298
\dspbrk@lvl=\count299
\tag@help=\toks31
\row@=\count300
\column@=\count301
\maxfields@=\count302
\andhelp@=\toks32
\eqnshift@=\dimen197
\alignsep@=\dimen198
\tagshift@=\dimen199
\tagwidth@=\dimen256
\totwidth@=\dimen257
\lineht@=\dimen258
\@envbody=\toks33
\multlinegap=\skip52
\multlinetaggap=\skip53
\mathdisplay@stack=\toks34
LaTeX Info: Redefining \[ on input line 2953.
LaTeX Info: Redefining \] on input line 2954.
)
(C:\Users\prioural000\AppData\Local\miktex-portable\texmfs\install\tex/latex/am
srefs\amsrefs.sty
Package: amsrefs 2013/03/07 v2.14

(C:\Users\prioural000\AppData\Local\miktex-portable\texmfs\install\tex/latex/ur
l\url.sty
\Urlmuskip=\muskip18
Package: url 2013/09/16  ver 3.4  Verb mode for urls, etc.
)
(C:\Users\prioural000\AppData\Local\miktex-portable\texmfs\install\tex/latex/am
srefs\pcatcode.sty
Package: pcatcode 2002/04/16 v1.04
)
(C:\Users\prioural000\AppData\Local\miktex-portable\texmfs\install\tex/latex/am
srefs\ifoption.sty
Package: ifoption 2002/03/04 v1.02
)
(C:\Users\prioural000\AppData\Local\miktex-portable\texmfs\install\tex/latex/am
srefs\rkeyval.sty
Package: rkeyval 2004/05/05 v1.08
\@temptokenb=\toks35
\rsk@toks=\toks36
)
(C:\Users\prioural000\AppData\Local\miktex-portable\texmfs\install\tex/latex/am
srefs\textcmds.sty
Package: textcmds 2012/08/02 v2.00
)
(C:\Users\prioural000\AppData\Local\miktex-portable\texmfs\install\tex/latex/am
srefs\mathscinet.sty
Package: mathscinet 2002/04/17 v1.05
)
\c@bib=\count303
\@maxlabelwidth=\dimen259
\c@bib@env=\count304
\bib@dbfile=\read3
\alpha@suffix=\count305
\series@index=\count306
)
(C:\Users\prioural000\AppData\Local\miktex-portable\texmfs\install\tex/latex/am
sfonts\amssymb.sty
Package: amssymb 2013/01/14 v3.01 AMS font symbols

(C:\Users\prioural000\AppData\Local\miktex-portable\texmfs\install\tex/latex/am
sfonts\amsfonts.sty
Package: amsfonts 2013/01/14 v3.01 Basic AMSFonts support
\symAMSa=\mathgroup4
\symAMSb=\mathgroup5
LaTeX Font Info:    Redeclaring math symbol \hbar on input line 98.
LaTeX Font Info:    Overwriting math alphabet `\mathfrak' in version `bold'
(Font)                  U/euf/m/n --> U/euf/b/n on input line 106.
LaTeX Info: Redefining \bold on input line 115.
))
(C:\Users\prioural000\AppData\Local\miktex-portable\texmfs\install\tex/latex/pa
rskip\parskip.sty
Package: parskip 2021-03-14 v2.0h non-zero parskip adjustments

(C:\Users\prioural000\AppData\Local\miktex-portable\texmfs\install\tex/latex/kv
options\kvoptions.sty
Package: kvoptions 2022-06-15 v3.15 Key value format for package options (HO)

(C:\Users\prioural000\AppData\Local\miktex-portable\texmfs\install\tex/generic/
ltxcmds\ltxcmds.sty
Package: ltxcmds 2023-12-04 v1.26 LaTeX kernel commands for general use (HO)
)
(C:\Users\prioural000\AppData\Local\miktex-portable\texmfs\install\tex/latex/kv
setkeys\kvsetkeys.sty
Package: kvsetkeys 2022-10-05 v1.19 Key value parser (HO)
))
(C:\Users\prioural000\AppData\Local\miktex-portable\texmfs\install\tex/latex/et
oolbox\etoolbox.sty
Package: etoolbox 2025/02/11 v2.5l e-TeX tools for LaTeX (JAW)
\etb@tempcnta=\count307
))
(C:\Users\prioural000\AppData\Local\miktex-portable\texmfs\install\tex/latex/to
ols\indentfirst.sty
Package: indentfirst 2023/07/02 v1.03 Indent first paragraph (DPC)
)
(C:\Users\prioural000\AppData\Local\miktex-portable\texmfs\install\tex/latex/ob
erdiek\centernot.sty
Package: centernot 2016/05/16 v1.4 Centers the not symbol horizontally (HO)
)
(C:\Users\prioural000\AppData\Local\miktex-portable\texmfs\install\tex/latex/ph
ysics\physics.sty
Package: physics 

(C:\Users\prioural000\AppData\Local\miktex-portable\texmfs\install\tex/latex/l3
packages/xparse\xparse.sty
(C:\Users\prioural000\AppData\Local\miktex-portable\texmfs\install\tex/latex/l3
kernel\expl3.sty
Package: expl3 2025-01-18 L3 programming layer (loader) 

(C:\Users\prioural000\AppData\Local\miktex-portable\texmfs\install\tex/latex/l3
backend\l3backend-pdftex.def
File: l3backend-pdftex.def 2024-05-08 L3 backend support: PDF output (pdfTeX)
\l__color_backend_stack_int=\count308
\l__pdf_internal_box=\box65
))
Package: xparse 2024-08-16 L3 Experimental document command parser
))
(C:\Users\prioural000\AppData\Local\miktex-portable\texmfs\install\tex/latex/pg
fplots\pgfplots.sty
(C:\Users\prioural000\AppData\Local\miktex-portable\texmfs\install\tex/generic/
pgfplots\pgfplots.revision.tex)
Package: pgfplots 2021/05/15 v1.18.1 Data Visualization (1.18.1)

(C:\Users\prioural000\AppData\Local\miktex-portable\texmfs\install\tex/generic/
pgfplots\pgfplots.code.tex
(C:\Users\prioural000\AppData\Local\miktex-portable\texmfs\install\tex/generic/
pgfplots\pgfplotscore.code.tex
\t@pgfplots@toka=\toks37
\t@pgfplots@tokb=\toks38
\t@pgfplots@tokc=\toks39
\pgfplots@tmpa=\dimen260
\c@pgfplots@coordindex=\count309
\c@pgfplots@scanlineindex=\count310

(C:\Users\prioural000\AppData\Local\miktex-portable\texmfs\install\tex/generic/
pgfplots/sys\pgfplotssysgeneric.code.tex))
(C:\Users\prioural000\AppData\Local\miktex-portable\texmfs\install\tex/generic/
pgfplots/libs\pgfplotslibrary.code.tex)
(C:\Users\prioural000\AppData\Local\miktex-portable\texmfs\install\tex/generic/
pgfplots/oldpgfcompatib\pgfplotsoldpgfsupp_loader.code.tex
(C:\Users\prioural000\AppData\Local\miktex-portable\texmfs\install\tex/generic/
pgf/libraries\pgflibraryfpu.code.tex)
Package pgfplots: loading complementary utilities for your pgf version...
\t@pgf@toka=\toks40
\t@pgf@tokb=\toks41
\t@pgf@tokc=\toks42

(C:\Users\prioural000\AppData\Local\miktex-portable\texmfs\install\tex/generic/
pgfplots/oldpgfcompatib\pgfplotsoldpgfsupp_pgfutil-common-lists.tex))
(C:\Users\prioural000\AppData\Local\miktex-portable\texmfs\install\tex/generic/
pgfplots/util\pgfplotsutil.code.tex
(C:\Users\prioural000\AppData\Local\miktex-portable\texmfs\install\tex/generic/
pgfplots/liststructure\pgfplotsliststructure.code.tex)
(C:\Users\prioural000\AppData\Local\miktex-portable\texmfs\install\tex/generic/
pgfplots/liststructure\pgfplotsliststructureext.code.tex)
(C:\Users\prioural000\AppData\Local\miktex-portable\texmfs\install\tex/generic/
pgfplots/liststructure\pgfplotsarray.code.tex
\c@pgfplotsarray@tmp=\count311
)
(C:\Users\prioural000\AppData\Local\miktex-portable\texmfs\install\tex/generic/
pgfplots/liststructure\pgfplotsmatrix.code.tex)
(C:\Users\prioural000\AppData\Local\miktex-portable\texmfs\install\tex/generic/
pgfplots/numtable\pgfplotstableshared.code.tex
\c@pgfplotstable@counta=\count312
\t@pgfplotstable@a=\toks43
)
(C:\Users\prioural000\AppData\Local\miktex-portable\texmfs\install\tex/generic/
pgfplots/liststructure\pgfplotsdeque.code.tex)
(C:\Users\prioural000\AppData\Local\miktex-portable\texmfs\install\tex/generic/
pgfplots/util\pgfplotsbinary.code.tex
(C:\Users\prioural000\AppData\Local\miktex-portable\texmfs\install\tex/generic/
pgfplots/util\pgfplotsbinary.data.code.tex))
(C:\Users\prioural000\AppData\Local\miktex-portable\texmfs\install\tex/generic/
pgfplots/util\pgfplotsutil.verb.code.tex)
(C:\Users\prioural000\AppData\Local\miktex-portable\texmfs\install\tex/generic/
pgfplots/libs\pgflibrarypgfplots.surfshading.code.tex
\c@pgfplotslibrarysurf@no=\count313

(C:\Users\prioural000\AppData\Local\miktex-portable\texmfs\install\tex/generic/
pgfplots/sys\pgflibrarypgfplots.surfshading.pgfsys-pdftex.def)))
(C:\Users\prioural000\AppData\Local\miktex-portable\texmfs\install\tex/generic/
pgfplots/util\pgfplotscolormap.code.tex
(C:\Users\prioural000\AppData\Local\miktex-portable\texmfs\install\tex/generic/
pgfplots/util\pgfplotscolor.code.tex))
(C:\Users\prioural000\AppData\Local\miktex-portable\texmfs\install\tex/generic/
pgfplots\pgfplotsstackedplots.code.tex)
(C:\Users\prioural000\AppData\Local\miktex-portable\texmfs\install\tex/generic/
pgfplots\pgfplotsplothandlers.code.tex
(C:\Users\prioural000\AppData\Local\miktex-portable\texmfs\install\tex/generic/
pgfplots\pgfplotsmeshplothandler.code.tex
(C:\Users\prioural000\AppData\Local\miktex-portable\texmfs\install\tex/generic/
pgfplots\pgfplotsmeshplotimage.code.tex)))
(C:\Users\prioural000\AppData\Local\miktex-portable\texmfs\install\tex/generic/
pgfplots\pgfplots.scaling.code.tex)
(C:\Users\prioural000\AppData\Local\miktex-portable\texmfs\install\tex/generic/
pgfplots\pgfplotscoordprocessing.code.tex)
(C:\Users\prioural000\AppData\Local\miktex-portable\texmfs\install\tex/generic/
pgfplots\pgfplots.errorbars.code.tex)
(C:\Users\prioural000\AppData\Local\miktex-portable\texmfs\install\tex/generic/
pgfplots\pgfplots.markers.code.tex)
(C:\Users\prioural000\AppData\Local\miktex-portable\texmfs\install\tex/generic/
pgfplots\pgfplotsticks.code.tex)
(C:\Users\prioural000\AppData\Local\miktex-portable\texmfs\install\tex/generic/
pgfplots\pgfplots.paths.code.tex)
(C:\Users\prioural000\AppData\Local\miktex-portable\texmfs\install\tex/generic/
pgf/frontendlayer/tikz/libraries\tikzlibrarydecorations.code.tex
(C:\Users\prioural000\AppData\Local\miktex-portable\texmfs\install\tex/generic/
pgf/modules\pgfmoduledecorations.code.tex
\pgfdecoratedcompleteddistance=\dimen261
\pgfdecoratedremainingdistance=\dimen262
\pgfdecoratedinputsegmentcompleteddistance=\dimen263
\pgfdecoratedinputsegmentremainingdistance=\dimen264
\pgf@decorate@distancetomove=\dimen265
\pgf@decorate@repeatstate=\count314
\pgfdecorationsegmentamplitude=\dimen266
\pgfdecorationsegmentlength=\dimen267
)
\tikz@lib@dec@box=\box66
)
(C:\Users\prioural000\AppData\Local\miktex-portable\texmfs\install\tex/generic/
pgf/frontendlayer/tikz/libraries\tikzlibrarydecorations.pathmorphing.code.tex
(C:\Users\prioural000\AppData\Local\miktex-portable\texmfs\install\tex/generic/
pgf/libraries/decorations\pgflibrarydecorations.pathmorphing.code.tex))
(C:\Users\prioural000\AppData\Local\miktex-portable\texmfs\install\tex/generic/
pgf/frontendlayer/tikz/libraries\tikzlibrarydecorations.pathreplacing.code.tex
(C:\Users\prioural000\AppData\Local\miktex-portable\texmfs\install\tex/generic/
pgf/libraries/decorations\pgflibrarydecorations.pathreplacing.code.tex))
(C:\Users\prioural000\AppData\Local\miktex-portable\texmfs\install\tex/generic/
pgfplots/libs\tikzlibrarypgfplots.contourlua.code.tex)
\pgfplots@numplots=\count315
\pgfplots@xmin@reg=\dimen268
\pgfplots@xmax@reg=\dimen269
\pgfplots@ymin@reg=\dimen270
\pgfplots@ymax@reg=\dimen271
\pgfplots@zmin@reg=\dimen272
\pgfplots@zmax@reg=\dimen273
)
(C:\Users\prioural000\AppData\Local\miktex-portable\texmfs\install\tex/generic/
pgf/frontendlayer/tikz/libraries\tikzlibraryplotmarks.code.tex
File: tikzlibraryplotmarks.code.tex 2023-01-15 v3.1.10 (3.1.10)

(C:\Users\prioural000\AppData\Local\miktex-portable\texmfs\install\tex/generic/
pgf/libraries\pgflibraryplotmarks.code.tex
File: pgflibraryplotmarks.code.tex 2023-01-15 v3.1.10 (3.1.10)
)))
(C:\Users\prioural000\AppData\Local\miktex-portable\texmfs\install\tex/generic/
pgfplots/libs\tikzlibrarypgfplots.groupplots.code.tex
\pgfplots@group@current@plot=\count316
\pgfplots@group@current@row=\count317
\pgfplots@group@current@column=\count318

(C:\Users\prioural000\AppData\Local\miktex-portable\texmfs\install\tex/generic/
pgf/frontendlayer/tikz/libraries\tikzlibrarycalc.code.tex
File: tikzlibrarycalc.code.tex 2023-01-15 v3.1.10 (3.1.10)
))
(C:\Users\prioural000\AppData\Local\miktex-portable\texmfs\install\tex/generic/
pgfplots/libs\tikzlibrarypgfplots.external.code.tex
(C:\Users\prioural000\AppData\Local\miktex-portable\texmfs\install\tex/latex/pg
f/frontendlayer/libraries\tikzlibraryexternal.code.tex
(C:\Users\prioural000\AppData\Local\miktex-portable\texmfs\install\tex/generic/
pdftexcmds\pdftexcmds.sty
Package: pdftexcmds 2020-06-27 v0.33 Utility functions of pdfTeX for LuaTeX (HO
)

(C:\Users\prioural000\AppData\Local\miktex-portable\texmfs\install\tex/generic/
infwarerr\infwarerr.sty
Package: infwarerr 2019/12/03 v1.5 Providing info/warning/error messages (HO)
)
(C:\Users\prioural000\AppData\Local\miktex-portable\texmfs\install\tex/generic/
iftex\iftex.sty
Package: iftex 2024/12/12 v1.0g TeX engine tests
)
Package pdftexcmds Info: \pdf@primitive is available.
Package pdftexcmds Info: \pdf@ifprimitive is available.
Package pdftexcmds Info: \pdfdraftmode found.
)
(C:\Users\prioural000\AppData\Local\miktex-portable\texmfs\install\tex/latex/ba
se\atveryend-ltx.sty
Package: atveryend-ltx 2020/08/19 v1.0a Emulation of the original atveryend pac
kage
with kernel methods
)
(C:\Users\prioural000\AppData\Local\miktex-portable\texmfs\install\tex/generic/
pgf/frontendlayer/tikz/libraries\tikzexternalshared.code.tex)))
No auxiliary output files.

\w@pgfexternal@auxout=\write4

(C:\Users\prioural000\AppData\Local\miktex-portable\texmfs\install\tex/latex/fa
ncyhdr\fancyhdr.sty
Package: fancyhdr 2025/02/07 v5.2 Extensive control of page headers and footers

\f@nch@headwidth=\skip54
\f@nch@offset@elh=\skip55
\f@nch@offset@erh=\skip56
\f@nch@offset@olh=\skip57
\f@nch@offset@orh=\skip58
\f@nch@offset@elf=\skip59
\f@nch@offset@erf=\skip60
\f@nch@offset@olf=\skip61
\f@nch@offset@orf=\skip62
\f@nch@height=\skip63
\f@nch@footalignment=\skip64
\f@nch@widthL=\skip65
\f@nch@widthC=\skip66
\f@nch@widthR=\skip67
)
(C:\Users\prioural000\AppData\Local\miktex-portable\texmfs\install\tex/latex/hy
perref\hyperref.sty
Package: hyperref 2024-11-05 v7.01l Hypertext links for LaTeX

(C:\Users\prioural000\AppData\Local\miktex-portable\texmfs\install\tex/generic/
kvdefinekeys\kvdefinekeys.sty
Package: kvdefinekeys 2019-12-19 v1.6 Define keys (HO)
)
(C:\Users\prioural000\AppData\Local\miktex-portable\texmfs\install\tex/generic/
pdfescape\pdfescape.sty
Package: pdfescape 2019/12/09 v1.15 Implements pdfTeX's escape features (HO)
)
(C:\Users\prioural000\AppData\Local\miktex-portable\texmfs\install\tex/latex/hy
color\hycolor.sty
Package: hycolor 2020-01-27 v1.10 Color options for hyperref/bookmark (HO)
)
(C:\Users\prioural000\AppData\Local\miktex-portable\texmfs\install\tex/latex/hy
perref\nameref.sty
Package: nameref 2023-11-26 v2.56 Cross-referencing by name of section

(C:\Users\prioural000\AppData\Local\miktex-portable\texmfs\install\tex/latex/re
fcount\refcount.sty
Package: refcount 2019/12/15 v3.6 Data extraction from label references (HO)
)
(C:\Users\prioural000\AppData\Local\miktex-portable\texmfs\install\tex/generic/
gettitlestring\gettitlestring.sty
Package: gettitlestring 2019/12/15 v1.6 Cleanup title references (HO)
)
\c@section@level=\count319
)
(C:\Users\prioural000\AppData\Local\miktex-portable\texmfs\install\tex/generic/
stringenc\stringenc.sty
Package: stringenc 2019/11/29 v1.12 Convert strings between diff. encodings (HO
)
)
\@linkdim=\dimen274
\Hy@linkcounter=\count320
\Hy@pagecounter=\count321

(C:\Users\prioural000\AppData\Local\miktex-portable\texmfs\install\tex/latex/hy
perref\pd1enc.def
File: pd1enc.def 2024-11-05 v7.01l Hyperref: PDFDocEncoding definition (HO)
Now handling font encoding PD1 ...
... no UTF-8 mapping file for font encoding PD1
)
(C:\Users\prioural000\AppData\Local\miktex-portable\texmfs\install\tex/generic/
intcalc\intcalc.sty
Package: intcalc 2019/12/15 v1.3 Expandable calculations with integers (HO)
)
\Hy@SavedSpaceFactor=\count322

(C:\Users\prioural000\AppData\Local\miktex-portable\texmfs\install\tex/latex/hy
perref\puenc.def
File: puenc.def 2024-11-05 v7.01l Hyperref: PDF Unicode definition (HO)
Now handling font encoding PU ...
... no UTF-8 mapping file for font encoding PU
)
Package hyperref Info: Hyper figures OFF on input line 4157.
Package hyperref Info: Link nesting OFF on input line 4162.
Package hyperref Info: Hyper index ON on input line 4165.
Package hyperref Info: Plain pages OFF on input line 4172.
Package hyperref Info: Backreferencing OFF on input line 4177.
Package hyperref Info: Implicit mode ON; LaTeX internals redefined.
Package hyperref Info: Bookmarks ON on input line 4424.
\c@Hy@tempcnt=\count323
LaTeX Info: Redefining \url on input line 4763.
\XeTeXLinkMargin=\dimen275

(C:\Users\prioural000\AppData\Local\miktex-portable\texmfs\install\tex/generic/
bitset\bitset.sty
Package: bitset 2019/12/09 v1.3 Handle bit-vector datatype (HO)

(C:\Users\prioural000\AppData\Local\miktex-portable\texmfs\install\tex/generic/
bigintcalc\bigintcalc.sty
Package: bigintcalc 2019/12/15 v1.5 Expandable calculations on big integers (HO
)
))
\Fld@menulength=\count324
\Field@Width=\dimen276
\Fld@charsize=\dimen277
Package hyperref Info: Hyper figures OFF on input line 6042.
Package hyperref Info: Link nesting OFF on input line 6047.
Package hyperref Info: Hyper index ON on input line 6050.
Package hyperref Info: backreferencing OFF on input line 6057.
Package hyperref Info: Link coloring OFF on input line 6062.
Package hyperref Info: Link coloring with OCG OFF on input line 6067.
Package hyperref Info: PDF/A mode OFF on input line 6072.

(C:\Users\prioural000\AppData\Local\miktex-portable\texmfs\install\tex/latex/ba
se\atbegshi-ltx.sty
Package: atbegshi-ltx 2021/01/10 v1.0c Emulation of the original atbegshi
package with kernel methods
)
\Hy@abspage=\count325
\c@Item=\count326
\c@Hfootnote=\count327
)
Package hyperref Info: Driver (autodetected): hpdftex.

(C:\Users\prioural000\AppData\Local\miktex-portable\texmfs\install\tex/latex/hy
perref\hpdftex.def
File: hpdftex.def 2024-11-05 v7.01l Hyperref driver for pdfTeX
\Fld@listcount=\count328
\c@bookmark@seq@number=\count329

(C:\Users\prioural000\AppData\Local\miktex-portable\texmfs\install\tex/latex/re
runfilecheck\rerunfilecheck.sty
Package: rerunfilecheck 2022-07-10 v1.10 Rerun checks for auxiliary files (HO)

(C:\Users\prioural000\AppData\Local\miktex-portable\texmfs\install\tex/generic/
uniquecounter\uniquecounter.sty
Package: uniquecounter 2019/12/15 v1.4 Provide unlimited unique counter (HO)
)
Package uniquecounter Info: New unique counter `rerunfilecheck' on input line 2
85.
)
\Hy@SectionHShift=\skip68
)
Package hyperref Info: Option `colorlinks' set `true' on input line 45.
No file RBAFig/RBA-figure0.aux.
LaTeX Font Info:    Checking defaults for OML/cmm/m/it on input line 47.
LaTeX Font Info:    ... okay on input line 47.
LaTeX Font Info:    Checking defaults for OMS/cmsy/m/n on input line 47.
LaTeX Font Info:    ... okay on input line 47.
LaTeX Font Info:    Checking defaults for OT1/cmr/m/n on input line 47.
LaTeX Font Info:    ... okay on input line 47.
LaTeX Font Info:    Checking defaults for T1/cmr/m/n on input line 47.
LaTeX Font Info:    ... okay on input line 47.
LaTeX Font Info:    Checking defaults for TS1/cmr/m/n on input line 47.
LaTeX Font Info:    ... okay on input line 47.
LaTeX Font Info:    Checking defaults for OMX/cmex/m/n on input line 47.
LaTeX Font Info:    ... okay on input line 47.
LaTeX Font Info:    Checking defaults for U/cmr/m/n on input line 47.
LaTeX Font Info:    ... okay on input line 47.
LaTeX Font Info:    Checking defaults for PD1/pdf/m/n on input line 47.
LaTeX Font Info:    ... okay on input line 47.
LaTeX Font Info:    Checking defaults for PU/pdf/m/n on input line 47.
LaTeX Font Info:    ... okay on input line 47.

(C:\Users\prioural000\AppData\Local\miktex-portable\texmfs\install\tex/context/
base/mkii\supp-pdf.mkii
[Loading MPS to PDF converter (version 2006.09.02).]
\scratchcounter=\count330
\scratchdimen=\dimen278
\scratchbox=\box67
\nofMPsegments=\count331
\nofMParguments=\count332
\everyMPshowfont=\toks44
\MPscratchCnt=\count333
\MPscratchDim=\dimen279
\MPnumerator=\count334
\makeMPintoPDFobject=\count335
\everyMPtoPDFconversion=\toks45
)
(C:\Users\prioural000\AppData\Local\miktex-portable\texmfs\install\tex/latex/ep
stopdf-pkg\epstopdf-base.sty
Package: epstopdf-base 2020-01-24 v2.11 Base part for package epstopdf
Package epstopdf-base Info: Redefining graphics rule for `.eps' on input line 4
85.

(C:\Users\prioural000\AppData\Local\miktex-portable\texmfs\install\tex/latex/00
miktex\epstopdf-sys.cfg
File: epstopdf-sys.cfg 2021/03/18 v2.0 Configuration of epstopdf for MiKTeX
))
Package pgfplots notification 'compat/show suggested version=true': document ha
s been generated with the most recent feature set (\pgfplotsset{compat=1.18}).

\providecommand\hyper@newdestlabel[2]{}
Package hyperref Info: Link coloring ON on input line 47.
LaTeX Font Info:    Trying to load font information for U+msa on input line 59.


(C:\Users\prioural000\AppData\Local\miktex-portable\texmfs\install\tex/latex/am
sfonts\umsa.fd
File: umsa.fd 2013/01/14 v3.01 AMS symbols A
)
LaTeX Font Info:    Trying to load font information for U+msb on input line 59.


(C:\Users\prioural000\AppData\Local\miktex-portable\texmfs\install\tex/latex/am
sfonts\umsb.fd
File: umsb.fd 2013/01/14 v3.01 AMS symbols B
)

LaTeX Warning: Citation `SP500' on page 1 undefined on input line 69.

No file RBAFig/RBA-figure0.toc.





Overfull \hbox (9.76347pt too wide) detected at line 125
[]
 []



\openout4 = `RBAFig/RBA-figure0.dpth'.

PGFPlots: reading {B(x;2,10).csv}
\tikzexternal@dep@file=\write5
\openout5 = `RBAFig/RBA-figure0.dep'.

[4

{C:/Users/prioural000/AppData/Local/miktex-portable/texmfs/data/fonts/map/pdfte
x/pdftex.map}]


Overfull \hbox (29.43431pt too wide) in paragraph at lines 174--213
[]\OT1/cmr/m/n/12 For ro-bust bayesian statis-tics, de-fine the rea-son-able se
t []
 []






Overfull \hbox (1.95648pt too wide) in paragraph at lines 214--222
\OT1/cmr/m/n/12 cer-ti-tude of be-liefs. [] If ones does
 []


Overfull \hbox (46.04822pt too wide) detected at line 242
[]
 []




Package hyperref Warning: Token not allowed in a PDF string (Unicode):
(hyperref)                removing `\\' on input line 249.


Overfull \hbox (2.44327pt too wide) in paragraph at lines 250--263
[] \OT1/cmr/m/n/12 and the lower pos-te-rior [].
 []


Underfull \hbox (badness 10000) in paragraph at lines 250--263

 []






Overfull \hbox (21.0206pt too wide) detected at line 306
[]
 []




Underfull \hbox (badness 10000) in paragraph at lines 306--311

 []



A tikzpicture has been optimized away. Use '/tikz/external/optimize=false' to d
isable this.

Overfull \hbox (9.99803pt too wide) in paragraph at lines 371--393
\OT1/cmr/m/n/12 prox-i-ma-tion we get $[]$
 []






Overfull \hbox (11.55157pt too wide) detected at line 405
[]
 []


Overfull \hbox (32.79561pt too wide) in paragraph at lines 430--430
\OT1/cmr/m/n/12 Now that we know all of the deriva-tives we are ready to de-scr
ibe the [] 
 []


Overfull \hbox (32.79561pt too wide) in paragraph at lines 430--430
\OT1/cmr/m/n/12 Now that we know all of the deriva-tives we are ready to de-scr
ibe the [] 
 []


Overfull \hbox (36.89342pt too wide) detected at line 430
[]
 []






Overfull \hbox (59.66797pt too wide) in paragraph at lines 469--471
\OT1/cmr/m/n/12 The au-thor's im-ple-men-ta-tion of the code can be found at []
[]\OT1/cmr/m/it/12 github.com/coolnicecool/Robust-
 []


Overfull \hbox (55.85457pt too wide) detected at line 489
[]
 []




Overfull \hbox (1.05136pt too wide) detected at line 500
[]
 []


Overfull \hbox (13.54504pt too wide) detected at line 526
[]
 []






Package hyperref Warning: Token not allowed in a PDF string (Unicode):
(hyperref)                removing `math shift' on input line 535.


Package hyperref Warning: Token not allowed in a PDF string (Unicode):
(hyperref)                removing `subscript' on input line 535.


Package hyperref Warning: Token not allowed in a PDF string (Unicode):
(hyperref)                removing `math shift' on input line 535.


Package hyperref Warning: Token not allowed in a PDF string (Unicode):
(hyperref)                removing `math shift' on input line 535.


Package hyperref Warning: Token not allowed in a PDF string (Unicode):
(hyperref)                removing `subscript' on input line 535.


Package hyperref Warning: Token not allowed in a PDF string (Unicode):
(hyperref)                removing `math shift' on input line 535.


Package hyperref Warning: Token not allowed in a PDF string (Unicode):
(hyperref)                removing `math shift' on input line 551.


Package hyperref Warning: Token not allowed in a PDF string (Unicode):
(hyperref)                removing `subscript' on input line 551.


Package hyperref Warning: Token not allowed in a PDF string (Unicode):
(hyperref)                removing `subscript' on input line 551.


Package hyperref Warning: Token not allowed in a PDF string (Unicode):
(hyperref)                removing `math shift' on input line 551.

No file RBAFig/RBA-figure0.bbl.


 ***********
LaTeX2e <2024-11-01> patch level 2
L3 programming layer <2025-01-18>
 ***********

LaTeX Warning: There were undefined references.

 ) 
Here is how much of TeX's memory you used:
 33093 strings out of 473522
 786423 string characters out of 5704427
 1290677 words of memory out of 5000000
 55801 multiletter control sequences out of 15000+600000
 571338 words of font info for 83 fonts, out of 8000000 for 9000
 1141 hyphenation exceptions out of 8191
 106i,19n,110p,745b,2134s stack positions out of 10000i,1000n,20000p,200000b,200000s
<C:/Users/prioural000/AppData/Local/miktex-portable/texmfs/install/fonts/type
1/public/amsfonts/cm/cmmi12.pfb><C:/Users/prioural000/AppData/Local/miktex-port
able/texmfs/install/fonts/type1/public/amsfonts/cm/cmr12.pfb>
Output written on RBAFig/RBA-figure0.pdf (1 page, 28579 bytes).
PDF statistics:
 57 PDF objects out of 1000 (max. 8388607)
 1 named destinations out of 1000 (max. 500000)
 13 words of extra memory for PDF output out of 10000 (max. 10000000)

